 Volume in drive D is New Volume
 Volume Serial Number is 6ADF-33F8

 Directory of D:\Project\constitution-gpt\constitution-gpt

05-03-2026  12:34    <DIR>          .
01-03-2026  07:51    <DIR>          ..
28-02-2026  18:05               924 .gitignore
22-01-2026  10:12    <DIR>          .venv
05-03-2026  11:46    <DIR>          backend
28-02-2026  10:51               837 docker-compose-friend.yml
28-02-2026  09:17             1,006 docker-compose.yml
28-02-2026  10:51             2,185 DOCKER_HUB_GUIDE.md
05-03-2026  10:37    <DIR>          frontend
16-02-2026  07:55                 9 query
28-02-2026  09:16             5,838 README.md
24-01-2026  09:27               750 render.yaml
20-01-2026  11:28             6,638 SETUP_GUIDE.md
28-02-2026  09:16             2,433 TESTERS_GUIDE.md
05-03-2026  12:34                 0 test_output.txt
              10 File(s)         20,620 bytes
               5 Dir(s)  220,670,808,064 bytes free
